2026-03-23T15:06:04.087688Z  INFO tailwindcss_oxide::scanner: Provided sources:
2026-03-23T15:06:04.087763Z  INFO tailwindcss_oxide::scanner: Source: PublicSourceEntry { base: "/Users/ebenezerbarning/Desktop/matrix", pattern: "**/*", negated: false }
2026-03-23T15:06:04.087898Z  INFO tailwindcss_oxide::scanner: Optimized sources:
2026-03-23T15:06:04.087914Z  INFO tailwindcss_oxide::scanner: Source: Auto { base: "/Users/ebenezerbarning/Desktop/matrix" }
2026-03-23T15:06:04.090466Z  INFO scan_sources: tailwindcss_oxide::scanner: enter
2026-03-23T15:06:04.091429Z  INFO scan_sources: tailwindcss_oxide::scanner: Discovering "/Users/ebenezerbarning/Desktop/matrix/netlify.toml"
2026-03-23T15:06:04.091484Z  INFO scan_sources: tailwindcss_oxide::scanner: Discovering "/Users/ebenezerbarning/Desktop/matrix/postcss.config.mjs"
2026-03-23T15:06:04.091539Z  INFO scan_sources: tailwindcss_oxide::scanner: Discovering "/Users/ebenezerbarning/Desktop/matrix/hostel"
2026-03-23T15:06:04.091694Z  INFO scan_sources: tailwindcss_oxide::scanner: Discovering "/Users/ebenezerbarning/Desktop/matrix/test-resend.js"
2026-03-23T15:06:04.091814Z  INFO scan_sources: tailwindcss_oxide::scanner: Discovering "/Users/ebenezerbarning/Desktop/matrix/README.md"
2026-03-23T15:06:04.091852Z  INFO scan_sources: tailwindcss_oxide::scanner: Discovering "/Users/ebenezerbarning/Desktop/matrix/supabase_schema.sql"
2026-03-23T15:06:04.091898Z  INFO scan_sources: tailwindcss_oxide::scanner: Discovering "/Users/ebenezerbarning/Desktop/matrix/public"
2026-03-23T15:06:04.091986Z  INFO scan_sources: tailwindcss_oxide::scanner: Discovering "/Users/ebenezerbarning/Desktop/matrix/public/file.svg"
2026-03-23T15:06:04.092032Z  INFO scan_sources: tailwindcss_oxide::scanner: Discovering "/Users/ebenezerbarning/Desktop/matrix/public/images"
2026-03-23T15:06:04.092151Z  INFO scan_sources: tailwindcss_oxide::scanner: Discovering "/Users/ebenezerbarning/Desktop/matrix/public/tiktokbd3NaOiMgLMti3LFmlLGFGyweCMLuza7.txt"
2026-03-23T15:06:04.092200Z  INFO scan_sources: tailwindcss_oxide::scanner: Discovering "/Users/ebenezerbarning/Desktop/matrix/public/terms"
2026-03-23T15:06:04.092266Z  INFO scan_sources: tailwindcss_oxide::scanner: Discovering "/Users/ebenezerbarning/Desktop/matrix/public/terms/tiktokOFcatyGtG0nDkSHt44xHT7PanvCBFU1n.txt"
2026-03-23T15:06:04.092303Z  INFO scan_sources: tailwindcss_oxide::scanner: Discovering "/Users/ebenezerbarning/Desktop/matrix/public/tiktokpvXJfDDsEfJqZtB82xyU9DHQlPOb9Sx0.txt"
2026-03-23T15:06:04.092345Z  INFO scan_sources: tailwindcss_oxide::scanner: Discovering "/Users/ebenezerbarning/Desktop/matrix/public/vercel.svg"
2026-03-23T15:06:04.092373Z  INFO scan_sources: tailwindcss_oxide::scanner: Discovering "/Users/ebenezerbarning/Desktop/matrix/public/next.svg"
2026-03-23T15:06:04.092404Z  INFO scan_sources: tailwindcss_oxide::scanner: Discovering "/Users/ebenezerbarning/Desktop/matrix/public/tiktokUu0UU58UjPZ4ohcxbBkm4whBMbBpMt5d.txt"
2026-03-23T15:06:04.092430Z  INFO scan_sources: tailwindcss_oxide::scanner: Discovering "/Users/ebenezerbarning/Desktop/matrix/public/globe.svg"
2026-03-23T15:06:04.092457Z  INFO scan_sources: tailwindcss_oxide::scanner: Discovering "/Users/ebenezerbarning/Desktop/matrix/public/window.svg"
2026-03-23T15:06:04.092488Z  INFO scan_sources: tailwindcss_oxide::scanner: Discovering "/Users/ebenezerbarning/Desktop/matrix/public/tiktokOFcatyGtG0nDkSHt44xHT7PanvCBFU1n.txt"
2026-03-23T15:06:04.092553Z  INFO scan_sources: tailwindcss_oxide::scanner: Discovering "/Users/ebenezerbarning/Desktop/matrix/package.json"
2026-03-23T15:06:04.092671Z  INFO scan_sources: tailwindcss_oxide::scanner: Discovering "/Users/ebenezerbarning/Desktop/matrix/tsconfig.json"
2026-03-23T15:06:04.092747Z  INFO scan_sources: tailwindcss_oxide::scanner: Discovering "/Users/ebenezerbarning/Desktop/matrix/eslint.config.mjs"
2026-03-23T15:06:04.092905Z  INFO scan_sources: tailwindcss_oxide::scanner: Discovering "/Users/ebenezerbarning/Desktop/matrix/next.config.ts"
2026-03-23T15:06:04.093015Z  INFO scan_sources: tailwindcss_oxide::scanner: Discovering "/Users/ebenezerbarning/Desktop/matrix/src"
2026-03-23T15:06:04.093194Z  INFO scan_sources: tailwindcss_oxide::scanner: Discovering "/Users/ebenezerbarning/Desktop/matrix/src/app"
2026-03-23T15:06:04.093371Z  INFO scan_sources: tailwindcss_oxide::scanner: Discovering "/Users/ebenezerbarning/Desktop/matrix/src/app/privacy"
2026-03-23T15:06:04.093435Z  INFO scan_sources: tailwindcss_oxide::scanner: Discovering "/Users/ebenezerbarning/Desktop/matrix/src/app/privacy/page.tsx"
2026-03-23T15:06:04.093488Z  INFO scan_sources: tailwindcss_oxide::scanner: Discovering "/Users/ebenezerbarning/Desktop/matrix/src/app/terms"
2026-03-23T15:06:04.093542Z  INFO scan_sources: tailwindcss_oxide::scanner: Discovering "/Users/ebenezerbarning/Desktop/matrix/src/app/terms/page.tsx"
2026-03-23T15:06:04.093589Z  INFO scan_sources: tailwindcss_oxide::scanner: Discovering "/Users/ebenezerbarning/Desktop/matrix/src/app/admin"
2026-03-23T15:06:04.093672Z  INFO scan_sources: tailwindcss_oxide::scanner: Discovering "/Users/ebenezerbarning/Desktop/matrix/src/app/admin/social-settings"
2026-03-23T15:06:04.093999Z  INFO scan_sources: tailwindcss_oxide::scanner: Discovering "/Users/ebenezerbarning/Desktop/matrix/src/app/admin/social-settings/page.tsx"
2026-03-23T15:06:04.094075Z  INFO scan_sources: tailwindcss_oxide::scanner: Discovering "/Users/ebenezerbarning/Desktop/matrix/src/app/admin/appointments"
2026-03-23T15:06:04.094138Z  INFO scan_sources: tailwindcss_oxide::scanner: Discovering "/Users/ebenezerbarning/Desktop/matrix/src/app/admin/appointments/page.tsx"
2026-03-23T15:06:04.094193Z  INFO scan_sources: tailwindcss_oxide::scanner: Discovering "/Users/ebenezerbarning/Desktop/matrix/src/app/admin/dashboard"
2026-03-23T15:06:04.094250Z  INFO scan_sources: tailwindcss_oxide::scanner: Discovering "/Users/ebenezerbarning/Desktop/matrix/src/app/admin/dashboard/page.tsx"
2026-03-23T15:06:04.094298Z  INFO scan_sources: tailwindcss_oxide::scanner: Discovering "/Users/ebenezerbarning/Desktop/matrix/src/app/admin/properties"
2026-03-23T15:06:04.094378Z  INFO scan_sources: tailwindcss_oxide::scanner: Discovering "/Users/ebenezerbarning/Desktop/matrix/src/app/admin/properties/new"
2026-03-23T15:06:04.094440Z  INFO scan_sources: tailwindcss_oxide::scanner: Discovering "/Users/ebenezerbarning/Desktop/matrix/src/app/admin/properties/new/page.tsx"
2026-03-23T15:06:04.094493Z  INFO scan_sources: tailwindcss_oxide::scanner: Discovering "/Users/ebenezerbarning/Desktop/matrix/src/app/admin/properties/[id]"
2026-03-23T15:06:04.094570Z  INFO scan_sources: tailwindcss_oxide::scanner: Discovering "/Users/ebenezerbarning/Desktop/matrix/src/app/admin/properties/[id]/edit"
2026-03-23T15:06:04.094625Z  INFO scan_sources: tailwindcss_oxide::scanner: Discovering "/Users/ebenezerbarning/Desktop/matrix/src/app/admin/properties/[id]/edit/page.tsx"
2026-03-23T15:06:04.094665Z  INFO scan_sources: tailwindcss_oxide::scanner: Discovering "/Users/ebenezerbarning/Desktop/matrix/src/app/admin/layout.tsx"
2026-03-23T15:06:04.094706Z  INFO scan_sources: tailwindcss_oxide::scanner: Discovering "/Users/ebenezerbarning/Desktop/matrix/src/app/admin/share-cards"
2026-03-23T15:06:04.094764Z  INFO scan_sources: tailwindcss_oxide::scanner: Discovering "/Users/ebenezerbarning/Desktop/matrix/src/app/admin/share-cards/page.tsx"
2026-03-23T15:06:04.094812Z  INFO scan_sources: tailwindcss_oxide::scanner: Discovering "/Users/ebenezerbarning/Desktop/matrix/src/app/admin/voice-agent"
2026-03-23T15:06:04.094871Z  INFO scan_sources: tailwindcss_oxide::scanner: Discovering "/Users/ebenezerbarning/Desktop/matrix/src/app/admin/voice-agent/page.tsx"
2026-03-23T15:06:04.094928Z  INFO scan_sources: tailwindcss_oxide::scanner: Discovering "/Users/ebenezerbarning/Desktop/matrix/src/app/admin/login"
2026-03-23T15:06:04.094981Z  INFO scan_sources: tailwindcss_oxide::scanner: Discovering "/Users/ebenezerbarning/Desktop/matrix/src/app/admin/login/page.tsx"
2026-03-23T15:06:04.095033Z  INFO scan_sources: tailwindcss_oxide::scanner: Discovering "/Users/ebenezerbarning/Desktop/matrix/src/app/properties"
2026-03-23T15:06:04.095105Z  INFO scan_sources: tailwindcss_oxide::scanner: Discovering "/Users/ebenezerbarning/Desktop/matrix/src/app/properties/[id]"
2026-03-23T15:06:04.095178Z  INFO scan_sources: tailwindcss_oxide::scanner: Discovering "/Users/ebenezerbarning/Desktop/matrix/src/app/properties/[id]/PropertyPageClient.tsx"
2026-03-23T15:06:04.095205Z  INFO scan_sources: tailwindcss_oxide::scanner: Discovering "/Users/ebenezerbarning/Desktop/matrix/src/app/properties/[id]/page.tsx"
2026-03-23T15:06:04.095235Z  INFO scan_sources: tailwindcss_oxide::scanner: Discovering "/Users/ebenezerbarning/Desktop/matrix/src/app/properties/page.tsx"
2026-03-23T15:06:04.095265Z  INFO scan_sources: tailwindcss_oxide::scanner: Discovering "/Users/ebenezerbarning/Desktop/matrix/src/app/layout.tsx"
2026-03-23T15:06:04.095307Z  INFO scan_sources: tailwindcss_oxide::scanner: Discovering "/Users/ebenezerbarning/Desktop/matrix/src/app/api"
2026-03-23T15:06:04.095381Z  INFO scan_sources: tailwindcss_oxide::scanner: Discovering "/Users/ebenezerbarning/Desktop/matrix/src/app/api/appointments"
2026-03-23T15:06:04.095459Z  INFO scan_sources: tailwindcss_oxide::scanner: Discovering "/Users/ebenezerbarning/Desktop/matrix/src/app/api/appointments/delete"
2026-03-23T15:06:04.095515Z  INFO scan_sources: tailwindcss_oxide::scanner: Discovering "/Users/ebenezerbarning/Desktop/matrix/src/app/api/appointments/delete/route.ts"
2026-03-23T15:06:04.095568Z  INFO scan_sources: tailwindcss_oxide::scanner: Discovering "/Users/ebenezerbarning/Desktop/matrix/src/app/api/auth"
2026-03-23T15:06:04.095637Z  INFO scan_sources: tailwindcss_oxide::scanner: Discovering "/Users/ebenezerbarning/Desktop/matrix/src/app/api/auth/tiktok"
2026-03-23T15:06:04.095693Z  INFO scan_sources: tailwindcss_oxide::scanner: Discovering "/Users/ebenezerbarning/Desktop/matrix/src/app/api/auth/tiktok/route.ts"
2026-03-23T15:06:04.095749Z  INFO scan_sources: tailwindcss_oxide::scanner: Discovering "/Users/ebenezerbarning/Desktop/matrix/src/app/api/auth/tiktok/callback"
2026-03-23T15:06:04.095809Z  INFO scan_sources: tailwindcss_oxide::scanner: Discovering "/Users/ebenezerbarning/Desktop/matrix/src/app/api/auth/tiktok/callback/route.ts"
2026-03-23T15:06:04.095869Z  INFO scan_sources: tailwindcss_oxide::scanner: Discovering "/Users/ebenezerbarning/Desktop/matrix/src/app/api/social"
2026-03-23T15:06:04.095948Z  INFO scan_sources: tailwindcss_oxide::scanner: Discovering "/Users/ebenezerbarning/Desktop/matrix/src/app/api/social/tiktok"
2026-03-23T15:06:04.096008Z  INFO scan_sources: tailwindcss_oxide::scanner: Discovering "/Users/ebenezerbarning/Desktop/matrix/src/app/api/social/tiktok/route.ts"
2026-03-23T15:06:04.096054Z  INFO scan_sources: tailwindcss_oxide::scanner: Discovering "/Users/ebenezerbarning/Desktop/matrix/src/app/api/social/tiktok/disconnect"
2026-03-23T15:06:04.096122Z  INFO scan_sources: tailwindcss_oxide::scanner: Discovering "/Users/ebenezerbarning/Desktop/matrix/src/app/api/social/tiktok/disconnect/route.ts"
2026-03-23T15:06:04.096184Z  INFO scan_sources: tailwindcss_oxide::scanner: Discovering "/Users/ebenezerbarning/Desktop/matrix/src/app/api/voice"
2026-03-23T15:06:04.096278Z  INFO scan_sources: tailwindcss_oxide::scanner: Discovering "/Users/ebenezerbarning/Desktop/matrix/src/app/api/voice/properties"
2026-03-23T15:06:04.096338Z  INFO scan_sources: tailwindcss_oxide::scanner: Discovering "/Users/ebenezerbarning/Desktop/matrix/src/app/api/voice/properties/route.ts"
2026-03-23T15:06:04.096403Z  INFO scan_sources: tailwindcss_oxide::scanner: Discovering "/Users/ebenezerbarning/Desktop/matrix/src/app/api/voice/book-appointment"
2026-03-23T15:06:04.096458Z  INFO scan_sources: tailwindcss_oxide::scanner: Discovering "/Users/ebenezerbarning/Desktop/matrix/src/app/api/voice/book-appointment/route.ts"
2026-03-23T15:06:04.096509Z  INFO scan_sources: tailwindcss_oxide::scanner: Discovering "/Users/ebenezerbarning/Desktop/matrix/src/app/api/webhooks"
2026-03-23T15:06:04.096582Z  INFO scan_sources: tailwindcss_oxide::scanner: Discovering "/Users/ebenezerbarning/Desktop/matrix/src/app/api/webhooks/notifications"
2026-03-23T15:06:04.096635Z  INFO scan_sources: tailwindcss_oxide::scanner: Discovering "/Users/ebenezerbarning/Desktop/matrix/src/app/api/webhooks/notifications/route.ts"
2026-03-23T15:06:04.096693Z  INFO scan_sources: tailwindcss_oxide::scanner: Discovering "/Users/ebenezerbarning/Desktop/matrix/src/app/page.tsx"
2026-03-23T15:06:04.096719Z  INFO scan_sources: tailwindcss_oxide::scanner: Discovering "/Users/ebenezerbarning/Desktop/matrix/src/app/globals.css"
2026-03-23T15:06:04.096760Z  INFO scan_sources: tailwindcss_oxide::scanner: Discovering "/Users/ebenezerbarning/Desktop/matrix/src/app/services"
2026-03-23T15:06:04.096845Z  INFO scan_sources: tailwindcss_oxide::scanner: Discovering "/Users/ebenezerbarning/Desktop/matrix/src/app/services/[slug]"
2026-03-23T15:06:04.096901Z  INFO scan_sources: tailwindcss_oxide::scanner: Discovering "/Users/ebenezerbarning/Desktop/matrix/src/app/services/[slug]/ServicePageClient.tsx"
2026-03-23T15:06:04.096926Z  INFO scan_sources: tailwindcss_oxide::scanner: Discovering "/Users/ebenezerbarning/Desktop/matrix/src/app/services/[slug]/page.tsx"
2026-03-23T15:06:04.096980Z  INFO scan_sources: tailwindcss_oxide::scanner: Discovering "/Users/ebenezerbarning/Desktop/matrix/src/components"
2026-03-23T15:06:04.097053Z  INFO scan_sources: tailwindcss_oxide::scanner: Discovering "/Users/ebenezerbarning/Desktop/matrix/src/components/Hero.tsx"
2026-03-23T15:06:04.097077Z  INFO scan_sources: tailwindcss_oxide::scanner: Discovering "/Users/ebenezerbarning/Desktop/matrix/src/components/BioSection.tsx"
2026-03-23T15:06:04.097106Z  INFO scan_sources: tailwindcss_oxide::scanner: Discovering "/Users/ebenezerbarning/Desktop/matrix/src/components/ShareIcon.tsx"
2026-03-23T15:06:04.097130Z  INFO scan_sources: tailwindcss_oxide::scanner: Discovering "/Users/ebenezerbarning/Desktop/matrix/src/components/StructuredData.tsx"
2026-03-23T15:06:04.097153Z  INFO scan_sources: tailwindcss_oxide::scanner: Discovering "/Users/ebenezerbarning/Desktop/matrix/src/components/BookingModal.tsx"
2026-03-23T15:06:04.097176Z  INFO scan_sources: tailwindcss_oxide::scanner: Discovering "/Users/ebenezerbarning/Desktop/matrix/src/components/FeaturedProperties.tsx"
2026-03-23T15:06:04.097198Z  INFO scan_sources: tailwindcss_oxide::scanner: Discovering "/Users/ebenezerbarning/Desktop/matrix/src/components/ShareButtons.tsx"
2026-03-23T15:06:04.097221Z  INFO scan_sources: tailwindcss_oxide::scanner: Discovering "/Users/ebenezerbarning/Desktop/matrix/src/components/PropertyCardGenerator.tsx"
2026-03-23T15:06:04.097244Z  INFO scan_sources: tailwindcss_oxide::scanner: Discovering "/Users/ebenezerbarning/Desktop/matrix/src/components/Footer.tsx"
2026-03-23T15:06:04.097267Z  INFO scan_sources: tailwindcss_oxide::scanner: Discovering "/Users/ebenezerbarning/Desktop/matrix/src/components/Testimonials.tsx"
2026-03-23T15:06:04.097298Z  INFO scan_sources: tailwindcss_oxide::scanner: Discovering "/Users/ebenezerbarning/Desktop/matrix/src/components/VoiceWidget.tsx"
2026-03-23T15:06:04.097322Z  INFO scan_sources: tailwindcss_oxide::scanner: Discovering "/Users/ebenezerbarning/Desktop/matrix/src/components/SocialProofBar.tsx"
2026-03-23T15:06:04.097345Z  INFO scan_sources: tailwindcss_oxide::scanner: Discovering "/Users/ebenezerbarning/Desktop/matrix/src/components/WhoWeAre.tsx"
2026-03-23T15:06:04.097367Z  INFO scan_sources: tailwindcss_oxide::scanner: Discovering "/Users/ebenezerbarning/Desktop/matrix/src/components/MobileStickyCTA.tsx"
2026-03-23T15:06:04.097389Z  INFO scan_sources: tailwindcss_oxide::scanner: Discovering "/Users/ebenezerbarning/Desktop/matrix/src/components/WorkWithUs.tsx"
2026-03-23T15:06:04.097411Z  INFO scan_sources: tailwindcss_oxide::scanner: Discovering "/Users/ebenezerbarning/Desktop/matrix/src/components/SearchSticky.tsx"
2026-03-23T15:06:04.097433Z  INFO scan_sources: tailwindcss_oxide::scanner: Discovering "/Users/ebenezerbarning/Desktop/matrix/src/components/Header.tsx"
2026-03-23T15:06:04.097455Z  INFO scan_sources: tailwindcss_oxide::scanner: Discovering "/Users/ebenezerbarning/Desktop/matrix/src/components/GoogleAnalytics.tsx"
2026-03-23T15:06:04.097495Z  INFO scan_sources: tailwindcss_oxide::scanner: Discovering "/Users/ebenezerbarning/Desktop/matrix/src/components/PremiumServices.tsx"
2026-03-23T15:06:04.097545Z  INFO scan_sources: tailwindcss_oxide::scanner: Discovering "/Users/ebenezerbarning/Desktop/matrix/src/lib"
2026-03-23T15:06:04.097605Z  INFO scan_sources: tailwindcss_oxide::scanner: Discovering "/Users/ebenezerbarning/Desktop/matrix/src/lib/tiktok.ts"
2026-03-23T15:06:04.097632Z  INFO scan_sources: tailwindcss_oxide::scanner: Discovering "/Users/ebenezerbarning/Desktop/matrix/src/lib/instagram.ts"
2026-03-23T15:06:04.097658Z  INFO scan_sources: tailwindcss_oxide::scanner: Discovering "/Users/ebenezerbarning/Desktop/matrix/src/lib/utils.ts"
2026-03-23T15:06:04.097681Z  INFO scan_sources: tailwindcss_oxide::scanner: Discovering "/Users/ebenezerbarning/Desktop/matrix/src/lib/supabase.ts"
2026-03-23T15:06:04.097747Z  INFO scan_sources: tailwindcss_oxide::scanner: Discovering "/Users/ebenezerbarning/Desktop/matrix/src/data"
2026-03-23T15:06:04.097804Z  INFO scan_sources: tailwindcss_oxide::scanner: Discovering "/Users/ebenezerbarning/Desktop/matrix/src/data/properties.ts"
2026-03-23T15:06:04.097828Z  INFO scan_sources: tailwindcss_oxide::scanner: Discovering "/Users/ebenezerbarning/Desktop/matrix/src/data/services.ts"
2026-03-23T15:06:04.098066Z  INFO scan_sources: tailwindcss_oxide::scanner: exit
2026-03-23T15:06:04.098088Z  INFO extract_candidates: tailwindcss_oxide::scanner: enter
2026-03-23T15:06:04.098478Z  INFO extract_candidates:read_all_files: tailwindcss_oxide::scanner: enter
2026-03-23T15:06:04.098504Z  INFO extract_candidates:read_all_files: tailwindcss_oxide::scanner: Reading 70 file(s)
2026-03-23T15:06:04.099046Z  INFO tailwindcss_oxide::scanner: Reading "/Users/ebenezerbarning/Desktop/matrix/netlify.toml"
2026-03-23T15:06:04.099137Z  INFO tailwindcss_oxide::scanner: Reading "/Users/ebenezerbarning/Desktop/matrix/src/app/api/auth/tiktok/route.ts"
2026-03-23T15:06:04.099215Z  INFO tailwindcss_oxide::scanner: Reading "/Users/ebenezerbarning/Desktop/matrix/postcss.config.mjs"
2026-03-23T15:06:04.099234Z  INFO tailwindcss_oxide::scanner: Reading "/Users/ebenezerbarning/Desktop/matrix/src/app/api/auth/tiktok/callback/route.ts"
2026-03-23T15:06:04.099284Z  INFO tailwindcss_oxide::scanner: Reading "/Users/ebenezerbarning/Desktop/matrix/src/app/admin/layout.tsx"
2026-03-23T15:06:04.099368Z  INFO tailwindcss_oxide::scanner: Reading "/Users/ebenezerbarning/Desktop/matrix/src/app/admin/share-cards/page.tsx"
2026-03-23T15:06:04.099425Z  INFO tailwindcss_oxide::scanner: Reading "/Users/ebenezerbarning/Desktop/matrix/eslint.config.mjs"
2026-03-23T15:06:04.099460Z  INFO tailwindcss_oxide::scanner: Reading "/Users/ebenezerbarning/Desktop/matrix/src/app/admin/voice-agent/page.tsx"
2026-03-23T15:06:04.099521Z  INFO tailwindcss_oxide::scanner: Reading "/Users/ebenezerbarning/Desktop/matrix/next.config.ts"
2026-03-23T15:06:04.099538Z  INFO tailwindcss_oxide::scanner: Reading "/Users/ebenezerbarning/Desktop/matrix/src/app/admin/login/page.tsx"
2026-03-23T15:06:04.099570Z  INFO tailwindcss_oxide::scanner: Reading "/Users/ebenezerbarning/Desktop/matrix/src/components/PropertyCardGenerator.tsx"
2026-03-23T15:06:04.099601Z  INFO tailwindcss_oxide::scanner: Reading "/Users/ebenezerbarning/Desktop/matrix/src/app/properties/[id]/PropertyPageClient.tsx"
2026-03-23T15:06:04.099651Z  INFO tailwindcss_oxide::scanner: Reading "/Users/ebenezerbarning/Desktop/matrix/src/components/Footer.tsx"
2026-03-23T15:06:04.099758Z  INFO tailwindcss_oxide::scanner: Reading "/Users/ebenezerbarning/Desktop/matrix/src/app/admin/social-settings/page.tsx"
2026-03-23T15:06:04.099784Z  INFO tailwindcss_oxide::scanner: Reading "/Users/ebenezerbarning/Desktop/matrix/public/globe.svg"
2026-03-23T15:06:04.099841Z  INFO tailwindcss_oxide::scanner: Reading "/Users/ebenezerbarning/Desktop/matrix/src/app/admin/appointments/page.tsx"
2026-03-23T15:06:04.099902Z  INFO tailwindcss_oxide::scanner: Reading "/Users/ebenezerbarning/Desktop/matrix/src/app/admin/dashboard/page.tsx"
2026-03-23T15:06:04.100034Z  INFO tailwindcss_oxide::scanner: Reading "/Users/ebenezerbarning/Desktop/matrix/public/tiktokpvXJfDDsEfJqZtB82xyU9DHQlPOb9Sx0.txt"
2026-03-23T15:06:04.099299Z  INFO tailwindcss_oxide::scanner: Reading "/Users/ebenezerbarning/Desktop/matrix/src/app/api/social/tiktok/route.ts"
2026-03-23T15:06:04.100138Z  INFO tailwindcss_oxide::scanner: Reading "/Users/ebenezerbarning/Desktop/matrix/src/app/privacy/page.tsx"
2026-03-23T15:06:04.099659Z  INFO tailwindcss_oxide::scanner: Reading "/Users/ebenezerbarning/Desktop/matrix/src/app/properties/[id]/page.tsx"
2026-03-23T15:06:04.100245Z  INFO tailwindcss_oxide::scanner: Reading "/Users/ebenezerbarning/Desktop/matrix/src/app/terms/page.tsx"
2026-03-23T15:06:04.099662Z  INFO tailwindcss_oxide::scanner: Reading "/Users/ebenezerbarning/Desktop/matrix/test-resend.js"
2026-03-23T15:06:04.100319Z  INFO tailwindcss_oxide::scanner: Reading "/Users/ebenezerbarning/Desktop/matrix/src/app/layout.tsx"
2026-03-23T15:06:04.100368Z  INFO tailwindcss_oxide::scanner: Reading "/Users/ebenezerbarning/Desktop/matrix/public/vercel.svg"
2026-03-23T15:06:04.100405Z  INFO tailwindcss_oxide::scanner: Reading "/Users/ebenezerbarning/Desktop/matrix/src/app/api/appointments/delete/route.ts"
2026-03-23T15:06:04.100451Z  INFO tailwindcss_oxide::scanner: Reading "/Users/ebenezerbarning/Desktop/matrix/src/app/admin/properties/[id]/edit/page.tsx"
2026-03-23T15:06:04.100508Z  INFO tailwindcss_oxide::scanner: Reading "/Users/ebenezerbarning/Desktop/matrix/src/app/properties/page.tsx"
2026-03-23T15:06:04.100629Z  INFO tailwindcss_oxide::scanner: Reading "/Users/ebenezerbarning/Desktop/matrix/public/next.svg"
2026-03-23T15:06:04.101016Z  INFO tailwindcss_oxide::scanner: Reading "/Users/ebenezerbarning/Desktop/matrix/src/app/admin/properties/new/page.tsx"
2026-03-23T15:06:04.100043Z  INFO tailwindcss_oxide::scanner: Reading "/Users/ebenezerbarning/Desktop/matrix/src/components/Testimonials.tsx"
2026-03-23T15:06:04.100253Z  INFO tailwindcss_oxide::scanner: Reading "/Users/ebenezerbarning/Desktop/matrix/src/app/api/social/tiktok/disconnect/route.ts"
2026-03-23T15:06:04.101452Z  INFO tailwindcss_oxide::scanner: Reading "/Users/ebenezerbarning/Desktop/matrix/supabase_schema.sql"
2026-03-23T15:06:04.101544Z  INFO tailwindcss_oxide::scanner: Reading "/Users/ebenezerbarning/Desktop/matrix/README.md"
2026-03-23T15:06:04.101569Z  INFO tailwindcss_oxide::scanner: Reading "/Users/ebenezerbarning/Desktop/matrix/public/tiktokbd3NaOiMgLMti3LFmlLGFGyweCMLuza7.txt"
2026-03-23T15:06:04.101680Z  INFO tailwindcss_oxide::scanner: Reading "/Users/ebenezerbarning/Desktop/matrix/src/app/services/[slug]/ServicePageClient.tsx"
2026-03-23T15:06:04.101765Z  INFO tailwindcss_oxide::scanner: Reading "/Users/ebenezerbarning/Desktop/matrix/public/file.svg"
2026-03-23T15:06:04.101817Z  INFO tailwindcss_oxide::scanner: Reading "/Users/ebenezerbarning/Desktop/matrix/src/app/api/webhooks/notifications/route.ts"
2026-03-23T15:06:04.101974Z  INFO tailwindcss_oxide::scanner: Reading "/Users/ebenezerbarning/Desktop/matrix/public/terms/tiktokOFcatyGtG0nDkSHt44xHT7PanvCBFU1n.txt"
2026-03-23T15:06:04.102026Z  INFO tailwindcss_oxide::scanner: Reading "/Users/ebenezerbarning/Desktop/matrix/src/components/ShareIcon.tsx"
2026-03-23T15:06:04.102065Z  INFO tailwindcss_oxide::scanner: Reading "/Users/ebenezerbarning/Desktop/matrix/src/components/StructuredData.tsx"
2026-03-23T15:06:04.102101Z  INFO tailwindcss_oxide::scanner: Reading "/Users/ebenezerbarning/Desktop/matrix/src/components/BookingModal.tsx"
2026-03-23T15:06:04.102138Z  INFO tailwindcss_oxide::scanner: Reading "/Users/ebenezerbarning/Desktop/matrix/src/components/FeaturedProperties.tsx"
2026-03-23T15:06:04.102178Z  INFO tailwindcss_oxide::scanner: Reading "/Users/ebenezerbarning/Desktop/matrix/src/components/ShareButtons.tsx"
2026-03-23T15:06:04.102278Z  INFO tailwindcss_oxide::scanner: Reading "/Users/ebenezerbarning/Desktop/matrix/public/tiktokUu0UU58UjPZ4ohcxbBkm4whBMbBpMt5d.txt"
2026-03-23T15:06:04.101397Z  INFO tailwindcss_oxide::scanner: Reading "/Users/ebenezerbarning/Desktop/matrix/src/components/VoiceWidget.tsx"
2026-03-23T15:06:04.102511Z  INFO tailwindcss_oxide::scanner: Reading "/Users/ebenezerbarning/Desktop/matrix/src/lib/instagram.ts"
2026-03-23T15:06:04.101546Z  INFO tailwindcss_oxide::scanner: Reading "/Users/ebenezerbarning/Desktop/matrix/public/tiktokOFcatyGtG0nDkSHt44xHT7PanvCBFU1n.txt"
2026-03-23T15:06:04.102596Z  INFO tailwindcss_oxide::scanner: Reading "/Users/ebenezerbarning/Desktop/matrix/src/app/services/[slug]/page.tsx"
2026-03-23T15:06:04.102626Z  INFO tailwindcss_oxide::scanner: Reading "/Users/ebenezerbarning/Desktop/matrix/src/components/SocialProofBar.tsx"
2026-03-23T15:06:04.102652Z  INFO tailwindcss_oxide::scanner: Reading "/Users/ebenezerbarning/Desktop/matrix/package.json"
2026-03-23T15:06:04.102691Z  INFO tailwindcss_oxide::scanner: Reading "/Users/ebenezerbarning/Desktop/matrix/src/app/page.tsx"
2026-03-23T15:06:04.102722Z  INFO tailwindcss_oxide::scanner: Reading "/Users/ebenezerbarning/Desktop/matrix/tsconfig.json"
2026-03-23T15:06:04.102779Z  INFO tailwindcss_oxide::scanner: Reading "/Users/ebenezerbarning/Desktop/matrix/src/components/MobileStickyCTA.tsx"
2026-03-23T15:06:04.102807Z  INFO tailwindcss_oxide::scanner: Reading "/Users/ebenezerbarning/Desktop/matrix/src/components/BioSection.tsx"
2026-03-23T15:06:04.102836Z  INFO tailwindcss_oxide::scanner: Reading "/Users/ebenezerbarning/Desktop/matrix/src/components/WorkWithUs.tsx"
2026-03-23T15:06:04.102872Z  INFO tailwindcss_oxide::scanner: Reading "/Users/ebenezerbarning/Desktop/matrix/src/components/PremiumServices.tsx"
2026-03-23T15:06:04.102911Z  INFO tailwindcss_oxide::scanner: Reading "/Users/ebenezerbarning/Desktop/matrix/src/components/SearchSticky.tsx"
2026-03-23T15:06:04.102930Z  INFO tailwindcss_oxide::scanner: Reading "/Users/ebenezerbarning/Desktop/matrix/src/lib/tiktok.ts"
2026-03-23T15:06:04.102962Z  INFO tailwindcss_oxide::scanner: Reading "/Users/ebenezerbarning/Desktop/matrix/src/components/GoogleAnalytics.tsx"
2026-03-23T15:06:04.102992Z  INFO tailwindcss_oxide::scanner: Reading "/Users/ebenezerbarning/Desktop/matrix/src/app/api/voice/book-appointment/route.ts"
2026-03-23T15:06:04.103022Z  INFO tailwindcss_oxide::scanner: Reading "/Users/ebenezerbarning/Desktop/matrix/src/lib/supabase.ts"
2026-03-23T15:06:04.103052Z  INFO tailwindcss_oxide::scanner: Reading "/Users/ebenezerbarning/Desktop/matrix/src/components/WhoWeAre.tsx"
2026-03-23T15:06:04.103097Z  INFO tailwindcss_oxide::scanner: Reading "/Users/ebenezerbarning/Desktop/matrix/src/data/properties.ts"
2026-03-23T15:06:04.103136Z  INFO tailwindcss_oxide::scanner: Reading "/Users/ebenezerbarning/Desktop/matrix/src/data/services.ts"
2026-03-23T15:06:04.103185Z  INFO tailwindcss_oxide::scanner: Reading "/Users/ebenezerbarning/Desktop/matrix/src/components/Header.tsx"
2026-03-23T15:06:04.101312Z  INFO tailwindcss_oxide::scanner: Reading "/Users/ebenezerbarning/Desktop/matrix/public/window.svg"
2026-03-23T15:06:04.101473Z  INFO tailwindcss_oxide::scanner: Reading "/Users/ebenezerbarning/Desktop/matrix/src/app/api/voice/properties/route.ts"
2026-03-23T15:06:04.102573Z  INFO tailwindcss_oxide::scanner: Reading "/Users/ebenezerbarning/Desktop/matrix/src/lib/utils.ts"
2026-03-23T15:06:04.102661Z  INFO tailwindcss_oxide::scanner: Reading "/Users/ebenezerbarning/Desktop/matrix/src/components/Hero.tsx"
2026-03-23T15:06:04.103536Z  INFO extract_candidates:read_all_files: tailwindcss_oxide::scanner: exit
2026-03-23T15:06:04.103562Z  INFO extract_candidates:parse_all_blobs: tailwindcss_oxide::scanner: enter
2026-03-23T15:06:04.103573Z  INFO extract_candidates:parse_all_blobs:extract: tailwindcss_oxide::scanner: enter
2026-03-23T15:06:04.119965Z  INFO extract_candidates:parse_all_blobs:extract: tailwindcss_oxide::scanner: exit
2026-03-23T15:06:04.120063Z  INFO extract_candidates:parse_all_blobs: tailwindcss_oxide::scanner: exit
2026-03-23T15:06:04.120258Z  INFO extract_candidates:read_all_files: tailwindcss_oxide::scanner: enter
2026-03-23T15:06:04.120286Z  INFO extract_candidates:read_all_files: tailwindcss_oxide::scanner: Reading 1 file(s)
2026-03-23T15:06:04.120487Z  INFO extract_candidates:read_all_files: tailwindcss_oxide::scanner: Reading "/Users/ebenezerbarning/Desktop/matrix/src/app/globals.css"
2026-03-23T15:06:04.120515Z  INFO extract_candidates:read_all_files: tailwindcss_oxide::scanner: exit
2026-03-23T15:06:04.120527Z  INFO extract_candidates:extract_css_variables: tailwindcss_oxide::scanner: enter
2026-03-23T15:06:04.120536Z  INFO extract_candidates:extract_css_variables:extract: tailwindcss_oxide::scanner: enter
2026-03-23T15:06:04.120902Z  INFO extract_candidates:extract_css_variables:extract: tailwindcss_oxide::scanner: exit
2026-03-23T15:06:04.120928Z  INFO extract_candidates:extract_css_variables: tailwindcss_oxide::scanner: exit
2026-03-23T15:06:04.123261Z  INFO extract_candidates: tailwindcss_oxide::scanner: exit
2026-03-23T15:06:04.129125Z  INFO get_files: tailwindcss_oxide::scanner: enter
2026-03-23T15:06:04.129157Z  INFO get_files:scan_sources: tailwindcss_oxide::scanner: enter
2026-03-23T15:06:04.130177Z  INFO get_files:scan_sources: tailwindcss_oxide::scanner: Discovering "/Users/ebenezerbarning/Desktop/matrix/hostel"
2026-03-23T15:06:04.130449Z  INFO get_files:scan_sources: tailwindcss_oxide::scanner: Discovering "/Users/ebenezerbarning/Desktop/matrix/public"
2026-03-23T15:06:04.130576Z  INFO get_files:scan_sources: tailwindcss_oxide::scanner: Discovering "/Users/ebenezerbarning/Desktop/matrix/public/images"
2026-03-23T15:06:04.130732Z  INFO get_files:scan_sources: tailwindcss_oxide::scanner: Discovering "/Users/ebenezerbarning/Desktop/matrix/public/terms"
2026-03-23T15:06:04.131082Z  INFO get_files:scan_sources: tailwindcss_oxide::scanner: Discovering "/Users/ebenezerbarning/Desktop/matrix/src"
2026-03-23T15:06:04.131164Z  INFO get_files:scan_sources: tailwindcss_oxide::scanner: Discovering "/Users/ebenezerbarning/Desktop/matrix/src/app"
2026-03-23T15:06:04.131259Z  INFO get_files:scan_sources: tailwindcss_oxide::scanner: Discovering "/Users/ebenezerbarning/Desktop/matrix/src/app/privacy"
2026-03-23T15:06:04.131357Z  INFO get_files:scan_sources: tailwindcss_oxide::scanner: Discovering "/Users/ebenezerbarning/Desktop/matrix/src/app/terms"
2026-03-23T15:06:04.131452Z  INFO get_files:scan_sources: tailwindcss_oxide::scanner: Discovering "/Users/ebenezerbarning/Desktop/matrix/src/app/admin"
2026-03-23T15:06:04.131544Z  INFO get_files:scan_sources: tailwindcss_oxide::scanner: Discovering "/Users/ebenezerbarning/Desktop/matrix/src/app/admin/social-settings"
2026-03-23T15:06:04.131639Z  INFO get_files:scan_sources: tailwindcss_oxide::scanner: Discovering "/Users/ebenezerbarning/Desktop/matrix/src/app/admin/appointments"
2026-03-23T15:06:04.131736Z  INFO get_files:scan_sources: tailwindcss_oxide::scanner: Discovering "/Users/ebenezerbarning/Desktop/matrix/src/app/admin/dashboard"
2026-03-23T15:06:04.131830Z  INFO get_files:scan_sources: tailwindcss_oxide::scanner: Discovering "/Users/ebenezerbarning/Desktop/matrix/src/app/admin/properties"
2026-03-23T15:06:04.131907Z  INFO get_files:scan_sources: tailwindcss_oxide::scanner: Discovering "/Users/ebenezerbarning/Desktop/matrix/src/app/admin/properties/new"
2026-03-23T15:06:04.132000Z  INFO get_files:scan_sources: tailwindcss_oxide::scanner: Discovering "/Users/ebenezerbarning/Desktop/matrix/src/app/admin/properties/[id]"
2026-03-23T15:06:04.132082Z  INFO get_files:scan_sources: tailwindcss_oxide::scanner: Discovering "/Users/ebenezerbarning/Desktop/matrix/src/app/admin/properties/[id]/edit"
2026-03-23T15:06:04.132204Z  INFO get_files:scan_sources: tailwindcss_oxide::scanner: Discovering "/Users/ebenezerbarning/Desktop/matrix/src/app/admin/share-cards"
2026-03-23T15:06:04.132299Z  INFO get_files:scan_sources: tailwindcss_oxide::scanner: Discovering "/Users/ebenezerbarning/Desktop/matrix/src/app/admin/voice-agent"
2026-03-23T15:06:04.132392Z  INFO get_files:scan_sources: tailwindcss_oxide::scanner: Discovering "/Users/ebenezerbarning/Desktop/matrix/src/app/admin/login"
2026-03-23T15:06:04.132486Z  INFO get_files:scan_sources: tailwindcss_oxide::scanner: Discovering "/Users/ebenezerbarning/Desktop/matrix/src/app/properties"
2026-03-23T15:06:04.132590Z  INFO get_files:scan_sources: tailwindcss_oxide::scanner: Discovering "/Users/ebenezerbarning/Desktop/matrix/src/app/properties/[id]"
2026-03-23T15:06:04.132722Z  INFO get_files:scan_sources: tailwindcss_oxide::scanner: Discovering "/Users/ebenezerbarning/Desktop/matrix/src/app/api"
2026-03-23T15:06:04.132804Z  INFO get_files:scan_sources: tailwindcss_oxide::scanner: Discovering "/Users/ebenezerbarning/Desktop/matrix/src/app/api/appointments"
2026-03-23T15:06:04.132880Z  INFO get_files:scan_sources: tailwindcss_oxide::scanner: Discovering "/Users/ebenezerbarning/Desktop/matrix/src/app/api/appointments/delete"
2026-03-23T15:06:04.132979Z  INFO get_files:scan_sources: tailwindcss_oxide::scanner: Discovering "/Users/ebenezerbarning/Desktop/matrix/src/app/api/auth"
2026-03-23T15:06:04.133062Z  INFO get_files:scan_sources: tailwindcss_oxide::scanner: Discovering "/Users/ebenezerbarning/Desktop/matrix/src/app/api/auth/tiktok"
2026-03-23T15:06:04.133150Z  INFO get_files:scan_sources: tailwindcss_oxide::scanner: Discovering "/Users/ebenezerbarning/Desktop/matrix/src/app/api/auth/tiktok/callback"
2026-03-23T15:06:04.133248Z  INFO get_files:scan_sources: tailwindcss_oxide::scanner: Discovering "/Users/ebenezerbarning/Desktop/matrix/src/app/api/social"
2026-03-23T15:06:04.133319Z  INFO get_files:scan_sources: tailwindcss_oxide::scanner: Discovering "/Users/ebenezerbarning/Desktop/matrix/src/app/api/social/tiktok"
2026-03-23T15:06:04.133404Z  INFO get_files:scan_sources: tailwindcss_oxide::scanner: Discovering "/Users/ebenezerbarning/Desktop/matrix/src/app/api/social/tiktok/disconnect"
2026-03-23T15:06:04.133501Z  INFO get_files:scan_sources: tailwindcss_oxide::scanner: Discovering "/Users/ebenezerbarning/Desktop/matrix/src/app/api/voice"
2026-03-23T15:06:04.133576Z  INFO get_files:scan_sources: tailwindcss_oxide::scanner: Discovering "/Users/ebenezerbarning/Desktop/matrix/src/app/api/voice/properties"
2026-03-23T15:06:04.133668Z  INFO get_files:scan_sources: tailwindcss_oxide::scanner: Discovering "/Users/ebenezerbarning/Desktop/matrix/src/app/api/voice/book-appointment"
2026-03-23T15:06:04.133762Z  INFO get_files:scan_sources: tailwindcss_oxide::scanner: Discovering "/Users/ebenezerbarning/Desktop/matrix/src/app/api/webhooks"
2026-03-23T15:06:04.133838Z  INFO get_files:scan_sources: tailwindcss_oxide::scanner: Discovering "/Users/ebenezerbarning/Desktop/matrix/src/app/api/webhooks/notifications"
2026-03-23T15:06:04.133954Z  INFO get_files:scan_sources: tailwindcss_oxide::scanner: Discovering "/Users/ebenezerbarning/Desktop/matrix/src/app/services"
2026-03-23T15:06:04.134027Z  INFO get_files:scan_sources: tailwindcss_oxide::scanner: Discovering "/Users/ebenezerbarning/Desktop/matrix/src/app/services/[slug]"
2026-03-23T15:06:04.134133Z  INFO get_files:scan_sources: tailwindcss_oxide::scanner: Discovering "/Users/ebenezerbarning/Desktop/matrix/src/components"
2026-03-23T15:06:04.134406Z  INFO get_files:scan_sources: tailwindcss_oxide::scanner: Discovering "/Users/ebenezerbarning/Desktop/matrix/src/lib"
2026-03-23T15:06:04.134527Z  INFO get_files:scan_sources: tailwindcss_oxide::scanner: Discovering "/Users/ebenezerbarning/Desktop/matrix/src/data"
2026-03-23T15:06:04.134674Z  INFO get_files:scan_sources: tailwindcss_oxide::scanner: exit
2026-03-23T15:06:04.134829Z  INFO get_files: tailwindcss_oxide::scanner: exit
2026-03-23T15:06:04.135127Z  INFO get_globs: tailwindcss_oxide::scanner: enter
2026-03-23T15:06:04.135141Z  INFO get_globs:scan_sources: tailwindcss_oxide::scanner: enter
2026-03-23T15:06:04.136076Z  INFO get_globs:scan_sources: tailwindcss_oxide::scanner: Discovering "/Users/ebenezerbarning/Desktop/matrix/hostel"
2026-03-23T15:06:04.136335Z  INFO get_globs:scan_sources: tailwindcss_oxide::scanner: Discovering "/Users/ebenezerbarning/Desktop/matrix/public"
2026-03-23T15:06:04.136455Z  INFO get_globs:scan_sources: tailwindcss_oxide::scanner: Discovering "/Users/ebenezerbarning/Desktop/matrix/public/images"
2026-03-23T15:06:04.136600Z  INFO get_globs:scan_sources: tailwindcss_oxide::scanner: Discovering "/Users/ebenezerbarning/Desktop/matrix/public/terms"
2026-03-23T15:06:04.137077Z  INFO get_globs:scan_sources: tailwindcss_oxide::scanner: Discovering "/Users/ebenezerbarning/Desktop/matrix/src"
2026-03-23T15:06:04.137211Z  INFO get_globs:scan_sources: tailwindcss_oxide::scanner: Discovering "/Users/ebenezerbarning/Desktop/matrix/src/app"
2026-03-23T15:06:04.137329Z  INFO get_globs:scan_sources: tailwindcss_oxide::scanner: Discovering "/Users/ebenezerbarning/Desktop/matrix/src/app/privacy"
2026-03-23T15:06:04.137593Z  INFO get_globs:scan_sources: tailwindcss_oxide::scanner: Discovering "/Users/ebenezerbarning/Desktop/matrix/src/app/terms"
2026-03-23T15:06:04.137860Z  INFO get_globs:scan_sources: tailwindcss_oxide::scanner: Discovering "/Users/ebenezerbarning/Desktop/matrix/src/app/admin"
2026-03-23T15:06:04.137981Z  INFO get_globs:scan_sources: tailwindcss_oxide::scanner: Discovering "/Users/ebenezerbarning/Desktop/matrix/src/app/admin/social-settings"
2026-03-23T15:06:04.138186Z  INFO get_globs:scan_sources: tailwindcss_oxide::scanner: Discovering "/Users/ebenezerbarning/Desktop/matrix/src/app/admin/appointments"
2026-03-23T15:06:04.138367Z  INFO get_globs:scan_sources: tailwindcss_oxide::scanner: Discovering "/Users/ebenezerbarning/Desktop/matrix/src/app/admin/dashboard"
2026-03-23T15:06:04.138495Z  INFO get_globs:scan_sources: tailwindcss_oxide::scanner: Discovering "/Users/ebenezerbarning/Desktop/matrix/src/app/admin/properties"
2026-03-23T15:06:04.138580Z  INFO get_globs:scan_sources: tailwindcss_oxide::scanner: Discovering "/Users/ebenezerbarning/Desktop/matrix/src/app/admin/properties/new"
2026-03-23T15:06:04.138681Z  INFO get_globs:scan_sources: tailwindcss_oxide::scanner: Discovering "/Users/ebenezerbarning/Desktop/matrix/src/app/admin/properties/[id]"
2026-03-23T15:06:04.138760Z  INFO get_globs:scan_sources: tailwindcss_oxide::scanner: Discovering "/Users/ebenezerbarning/Desktop/matrix/src/app/admin/properties/[id]/edit"
2026-03-23T15:06:04.138876Z  INFO get_globs:scan_sources: tailwindcss_oxide::scanner: Discovering "/Users/ebenezerbarning/Desktop/matrix/src/app/admin/share-cards"
2026-03-23T15:06:04.138968Z  INFO get_globs:scan_sources: tailwindcss_oxide::scanner: Discovering "/Users/ebenezerbarning/Desktop/matrix/src/app/admin/voice-agent"
2026-03-23T15:06:04.139102Z  INFO get_globs:scan_sources: tailwindcss_oxide::scanner: Discovering "/Users/ebenezerbarning/Desktop/matrix/src/app/admin/login"
2026-03-23T15:06:04.139232Z  INFO get_globs:scan_sources: tailwindcss_oxide::scanner: Discovering "/Users/ebenezerbarning/Desktop/matrix/src/app/properties"
2026-03-23T15:06:04.139350Z  INFO get_globs:scan_sources: tailwindcss_oxide::scanner: Discovering "/Users/ebenezerbarning/Desktop/matrix/src/app/properties/[id]"
2026-03-23T15:06:04.139487Z  INFO get_globs:scan_sources: tailwindcss_oxide::scanner: Discovering "/Users/ebenezerbarning/Desktop/matrix/src/app/api"
2026-03-23T15:06:04.139571Z  INFO get_globs:scan_sources: tailwindcss_oxide::scanner: Discovering "/Users/ebenezerbarning/Desktop/matrix/src/app/api/appointments"
2026-03-23T15:06:04.139693Z  INFO get_globs:scan_sources: tailwindcss_oxide::scanner: Discovering "/Users/ebenezerbarning/Desktop/matrix/src/app/api/appointments/delete"
2026-03-23T15:06:04.139813Z  INFO get_globs:scan_sources: tailwindcss_oxide::scanner: Discovering "/Users/ebenezerbarning/Desktop/matrix/src/app/api/auth"
2026-03-23T15:06:04.139891Z  INFO get_globs:scan_sources: tailwindcss_oxide::scanner: Discovering "/Users/ebenezerbarning/Desktop/matrix/src/app/api/auth/tiktok"
2026-03-23T15:06:04.139981Z  INFO get_globs:scan_sources: tailwindcss_oxide::scanner: Discovering "/Users/ebenezerbarning/Desktop/matrix/src/app/api/auth/tiktok/callback"
2026-03-23T15:06:04.140081Z  INFO get_globs:scan_sources: tailwindcss_oxide::scanner: Discovering "/Users/ebenezerbarning/Desktop/matrix/src/app/api/social"
2026-03-23T15:06:04.140159Z  INFO get_globs:scan_sources: tailwindcss_oxide::scanner: Discovering "/Users/ebenezerbarning/Desktop/matrix/src/app/api/social/tiktok"
2026-03-23T15:06:04.140264Z  INFO get_globs:scan_sources: tailwindcss_oxide::scanner: Discovering "/Users/ebenezerbarning/Desktop/matrix/src/app/api/social/tiktok/disconnect"
2026-03-23T15:06:04.140365Z  INFO get_globs:scan_sources: tailwindcss_oxide::scanner: Discovering "/Users/ebenezerbarning/Desktop/matrix/src/app/api/voice"
2026-03-23T15:06:04.140439Z  INFO get_globs:scan_sources: tailwindcss_oxide::scanner: Discovering "/Users/ebenezerbarning/Desktop/matrix/src/app/api/voice/properties"
2026-03-23T15:06:04.140532Z  INFO get_globs:scan_sources: tailwindcss_oxide::scanner: Discovering "/Users/ebenezerbarning/Desktop/matrix/src/app/api/voice/book-appointment"
2026-03-23T15:06:04.140625Z  INFO get_globs:scan_sources: tailwindcss_oxide::scanner: Discovering "/Users/ebenezerbarning/Desktop/matrix/src/app/api/webhooks"
2026-03-23T15:06:04.140700Z  INFO get_globs:scan_sources: tailwindcss_oxide::scanner: Discovering "/Users/ebenezerbarning/Desktop/matrix/src/app/api/webhooks/notifications"
2026-03-23T15:06:04.140819Z  INFO get_globs:scan_sources: tailwindcss_oxide::scanner: Discovering "/Users/ebenezerbarning/Desktop/matrix/src/app/services"
2026-03-23T15:06:04.140894Z  INFO get_globs:scan_sources: tailwindcss_oxide::scanner: Discovering "/Users/ebenezerbarning/Desktop/matrix/src/app/services/[slug]"
2026-03-23T15:06:04.141006Z  INFO get_globs:scan_sources: tailwindcss_oxide::scanner: Discovering "/Users/ebenezerbarning/Desktop/matrix/src/components"
2026-03-23T15:06:04.141281Z  INFO get_globs:scan_sources: tailwindcss_oxide::scanner: Discovering "/Users/ebenezerbarning/Desktop/matrix/src/lib"
2026-03-23T15:06:04.141400Z  INFO get_globs:scan_sources: tailwindcss_oxide::scanner: Discovering "/Users/ebenezerbarning/Desktop/matrix/src/data"
2026-03-23T15:06:04.141556Z  INFO get_globs:scan_sources: tailwindcss_oxide::scanner: exit
2026-03-23T15:06:04.148821Z  INFO get_globs: tailwindcss_oxide::scanner: exit
